Resolving dependencies...
Downloading packages...
  _fe_analyzer_shared 91.0.0 (100.0.0 available)
  analyzer 8.4.1 (13.0.0 available)
  android_intent_plus 5.3.1 (6.0.0 available)
  app_links 7.0.0 (7.1.1 available)
  cli_util 0.4.2 (0.5.1 available)
  code_assets 1.0.0 (1.2.0 available)
  csv 6.0.0 (8.0.0 available)
  dart_style 3.1.3 (3.1.9 available)
  dbus 0.7.12 (0.7.13 available)
  flutter_launcher_icons 0.13.1 (0.14.4 available)
  flutter_lints 3.0.2 (6.0.0 available)
  flutter_riverpod 2.6.1 (3.3.1 available)
  flutter_secure_storage 10.2.0 (10.3.1 available)
  flutter_secure_storage_darwin 0.3.1 (0.3.2 available)
  flutter_secure_storage_linux 3.0.0 (3.0.1 available)
  flutter_secure_storage_windows 4.2.1 (4.2.2 available)
  geolocator 11.1.0 (14.0.2 available)
  geolocator_android 4.6.2 (5.0.2 available)
  geolocator_web 3.0.0 (4.1.3 available)
  go_router 13.2.5 (17.2.3 available)
  google_fonts 6.3.3 (8.1.0 available)
  hooks 1.0.3 (2.0.0 available)
  image 4.8.0 (4.9.0 available)
  js 0.6.7 (0.7.2 available)
  json_annotation 4.11.0 (4.12.0 available)
  latlong2 0.9.1 (0.10.1 available)
  lints 3.0.0 (6.1.0 available)
  matcher 0.12.19 (0.12.20 available)
  meta 1.18.0 (1.18.2 available)
  native_toolchain_c 0.17.6 (0.19.1 available)
  objective_c 9.3.0 (9.4.1 available)
  riverpod 2.6.1 (3.2.1 available)
  socket_io_client 2.0.3+1 (3.1.4 available)
  socket_io_common 2.0.3 (3.1.1 available)
  sqflite_common 2.5.7 (2.5.8 available)
  test_api 0.7.11 (0.7.12 available)
  url_launcher_android 6.3.29 (6.3.30 available)
  vector_math 2.2.0 (2.3.0 available)
  win32 6.2.0 (6.3.0 available)
  xml 6.6.1 (7.0.1 available)
Got dependencies!
40 packages have newer versions incompatible with dependency constraints.
Try `flutter pub outdated` for more information.
00:00 +0: loading /Users/ankityadav/lpu/rozgar/app/test/app_test.dart
00:00 +0: App starts without error
══╡ EXCEPTION CAUGHT BY WIDGETS LIBRARY ╞═══════════════════════════════════════════════════════════
The following _TypeError was thrown building KaamkaazApp(dirty, dependencies:
[UncontrolledProviderScope], state: _ConsumerState#b0c5c):
Null check operator used on a null value

The relevant error-causing widget was:
  KaamkaazApp KaamkaazApp:file:///Users/ankityadav/lpu/rozgar/app/test/app_test.dart:19:22

When the exception was thrown, this was the stack:
#0      BuildContextEasyLocalizationExtension.locale (package:easy_localization/src/public_ext.dart:130:49)
#1      KaamkaazApp.build (package:kaamkaaz/main.dart:176:23)
#2      _ConsumerState.build (package:flutter_riverpod/src/consumer.dart:476:19)
#3      StatefulElement.build (package:flutter/src/widgets/framework.dart:5931:27)
#4      ConsumerStatefulElement.build (package:flutter_riverpod/src/consumer.dart:539:20)
#5      ComponentElement.performRebuild (package:flutter/src/widgets/framework.dart:5817:15)
#6      StatefulElement.performRebuild (package:flutter/src/widgets/framework.dart:5982:11)
#7      Element.rebuild (package:flutter/src/widgets/framework.dart:5529:7)
#8      ComponentElement._firstBuild (package:flutter/src/widgets/framework.dart:5799:5)
#9      StatefulElement._firstBuild (package:flutter/src/widgets/framework.dart:5973:11)
#10     ComponentElement.mount (package:flutter/src/widgets/framework.dart:5793:5)
...     Normal element mounting (7 frames)
#17     _UncontrolledProviderScopeElement.mount (package:flutter_riverpod/src/framework.dart:315:11)
...     Normal element mounting (9 frames)
#26     Element.inflateWidget (package:flutter/src/widgets/framework.dart:4587:20)
#27     Element.updateChild (package:flutter/src/widgets/framework.dart:4053:20)
#28     ComponentElement.performRebuild (package:flutter/src/widgets/framework.dart:5841:16)
#29     Element.rebuild (package:flutter/src/widgets/framework.dart:5529:7)
#30     ProxyElement.update (package:flutter/src/widgets/framework.dart:6149:5)
#31     _InheritedNotifierElement.update (package:flutter/src/widgets/inherited_notifier.dart:108:11)
#32     Element.updateChild (package:flutter/src/widgets/framework.dart:4037:15)
#33     ComponentElement.performRebuild (package:flutter/src/widgets/framework.dart:5841:16)
#34     StatefulElement.performRebuild (package:flutter/src/widgets/framework.dart:5982:11)
#35     Element.rebuild (package:flutter/src/widgets/framework.dart:5529:7)
#36     StatefulElement.update (package:flutter/src/widgets/framework.dart:6007:5)
#37     Element.updateChild (package:flutter/src/widgets/framework.dart:4037:15)
#38     ComponentElement.performRebuild (package:flutter/src/widgets/framework.dart:5841:16)
#39     Element.rebuild (package:flutter/src/widgets/framework.dart:5529:7)
#40     ProxyElement.update (package:flutter/src/widgets/framework.dart:6149:5)
#41     _InheritedNotifierElement.update (package:flutter/src/widgets/inherited_notifier.dart:108:11)
#42     Element.updateChild (package:flutter/src/widgets/framework.dart:4037:15)
#43     ComponentElement.performRebuild (package:flutter/src/widgets/framework.dart:5841:16)
#44     StatefulElement.performRebuild (package:flutter/src/widgets/framework.dart:5982:11)
#45     Element.rebuild (package:flutter/src/widgets/framework.dart:5529:7)
#46     StatefulElement.update (package:flutter/src/widgets/framework.dart:6007:5)
#47     Element.updateChild (package:flutter/src/widgets/framework.dart:4037:15)
#48     ComponentElement.performRebuild (package:flutter/src/widgets/framework.dart:5841:16)
#49     StatefulElement.performRebuild (package:flutter/src/widgets/framework.dart:5982:11)
#50     Element.rebuild (package:flutter/src/widgets/framework.dart:5529:7)
#51     StatefulElement.update (package:flutter/src/widgets/framework.dart:6007:5)
#52     Element.updateChild (package:flutter/src/widgets/framework.dart:4037:15)
#53     ComponentElement.performRebuild (package:flutter/src/widgets/framework.dart:5841:16)
#54     Element.rebuild (package:flutter/src/widgets/framework.dart:5529:7)
#55     ProxyElement.update (package:flutter/src/widgets/framework.dart:6149:5)
#56     Element.updateChild (package:flutter/src/widgets/framework.dart:4037:15)
#57     ComponentElement.performRebuild (package:flutter/src/widgets/framework.dart:5841:16)
#58     StatefulElement.performRebuild (package:flutter/src/widgets/framework.dart:5982:11)
#59     Element.rebuild (package:flutter/src/widgets/framework.dart:5529:7)
#60     StatefulElement.update (package:flutter/src/widgets/framework.dart:6007:5)
#61     Element.updateChild (package:flutter/src/widgets/framework.dart:4037:15)
#62     ComponentElement.performRebuild (package:flutter/src/widgets/framework.dart:5841:16)
#63     Element.rebuild (package:flutter/src/widgets/framework.dart:5529:7)
#64     ProxyElement.update (package:flutter/src/widgets/framework.dart:6149:5)
#65     Element.updateChild (package:flutter/src/widgets/framework.dart:4037:15)
#66     ComponentElement.performRebuild (package:flutter/src/widgets/framework.dart:5841:16)
#67     Element.rebuild (package:flutter/src/widgets/framework.dart:5529:7)
#68     ProxyElement.update (package:flutter/src/widgets/framework.dart:6149:5)
#69     Element.updateChild (package:flutter/src/widgets/framework.dart:4037:15)
#70     _RawViewElement._updateChild (package:flutter/src/widgets/view.dart:481:16)
#71     _RawViewElement.update (package:flutter/src/widgets/view.dart:568:5)
#72     Element.updateChild (package:flutter/src/widgets/framework.dart:4037:15)
#73     ComponentElement.performRebuild (package:flutter/src/widgets/framework.dart:5841:16)
#74     Element.rebuild (package:flutter/src/widgets/framework.dart:5529:7)
#75     StatelessElement.update (package:flutter/src/widgets/framework.dart:5895:5)
#76     Element.updateChild (package:flutter/src/widgets/framework.dart:4037:15)
#77     ComponentElement.performRebuild (package:flutter/src/widgets/framework.dart:5841:16)
#78     StatefulElement.performRebuild (package:flutter/src/widgets/framework.dart:5982:11)
#79     Element.rebuild (package:flutter/src/widgets/framework.dart:5529:7)
#80     StatefulElement.update (package:flutter/src/widgets/framework.dart:6007:5)
#81     Element.updateChild (package:flutter/src/widgets/framework.dart:4037:15)
#82     RootElement._rebuild (package:flutter/src/widgets/binding.dart:2091:16)
#83     RootElement.update (package:flutter/src/widgets/binding.dart:2069:5)
#84     RootElement.performRebuild (package:flutter/src/widgets/binding.dart:2083:7)
#85     Element.rebuild (package:flutter/src/widgets/framework.dart:5529:7)
#86     BuildScope._tryRebuild (package:flutter/src/widgets/framework.dart:2750:15)
#87     BuildScope._flushDirtyElements (package:flutter/src/widgets/framework.dart:2807:11)
#88     BuildOwner.buildScope (package:flutter/src/widgets/framework.dart:3111:18)
#89     AutomatedTestWidgetsFlutterBinding.drawFrame (package:flutter_test/src/binding.dart:2431:19)
#90     RendererBinding._handlePersistentFrameCallback (package:flutter/src/rendering/binding.dart:509:5)
#91     SchedulerBinding._invokeFrameCallback (package:flutter/src/scheduler/binding.dart:1430:15)
#92     SchedulerBinding.handleDrawFrame (package:flutter/src/scheduler/binding.dart:1345:9)
#93     AutomatedTestWidgetsFlutterBinding.pump.<anonymous closure> (package:flutter_test/src/binding.dart:2260:9)
#96     TestAsyncUtils.guard (package:flutter_test/src/test_async_utils.dart:74:41)
#97     AutomatedTestWidgetsFlutterBinding.pump (package:flutter_test/src/binding.dart:2249:27)
#98     WidgetTester.pumpWidget.<anonymous closure> (package:flutter_test/src/widget_tester.dart:598:22)
#101    TestAsyncUtils.guard (package:flutter_test/src/test_async_utils.dart:74:41)
#102    WidgetTester.pumpWidget (package:flutter_test/src/widget_tester.dart:595:27)
#103    main.<anonymous closure> (file:///Users/ankityadav/lpu/rozgar/app/test/app_test.dart:14:18)
<asynchronous suspension>
#104    testWidgets.<anonymous closure>.<anonymous closure> (package:flutter_test/src/widget_tester.dart:192:15)
<asynchronous suspension>
#105    TestWidgetsFlutterBinding._runTestBody (package:flutter_test/src/binding.dart:1952:5)
<asynchronous suspension>
<asynchronous suspension>
(elided 5 frames from dart:async and package:stack_trace)

════════════════════════════════════════════════════════════════════════════════════════════════════
00:00 +0 -1: App starts without error [E]
  Test failed. See exception logs above.
  The test description was: App starts without error
  
00:00 +0 -1: Some tests failed.

Failing tests:
  /Users/ankityadav/lpu/rozgar/app/test/app_test.dart: App starts without error
